[2026-07-19 11:08:03] Disconnect status 515
[11:08:38]
147593078272132@lid
/help

[11:08:47]
147593078272132@lid
/nizamai cb cek nilai psat ada almira ga

[11:13:35]
147593078272132@lid
/nizamai hai

[11:15:06]
147593078272132@lid
/nizamai hai

[11:15:20]
147593078272132@lid
/nizamai nilai psat almira ada ga

[11:17:39]
147593078272132@lid
/help

[11:17:59]
147593078272132@lid
/nizamai ada nilai psat almira ga

[11:18:31]
147593078272132@lid
/nizamai nilai psat Almira Tanisha Purnama class id 2

[11:19:18]
147593078272132@lid
/nizamai kalo nilai alena

[11:19:40]
147593078272132@lid
/nizamai Alena Al Zahra class id 2

[11:20:34]
147593078272132@lid
/nizamai tugas bahasa indonesia di xrpl 2 apa

[11:21:37]
147593078272132@lid
/nizamai ada tugas apa aja di xrpl 2

[11:22:19]
147593078272132@lid
/nizamai nilai psat alena al zahra class id 2 brp

[11:25:36]
147593078272132@lid
/nizamai siapa aja yang nge private nilainya di nilai psat class id 2

[11:26:22]
147593078272132@lid
/nizamai anisa private ga nilainya

[11:27:11]
147593078272132@lid
/nizamai anisa anisa class id 2

[11:27:49]
147593078272132@lid
/nizamai pengumuman ada apa aja

[11:28:37]
147593078272132@lid
/nizamai announcements ada apa aja

[11:29:12]
147593078272132@lid
/nizamai pengumuman yang nama subject_id nya announements ada apa aja

[11:30:06]
147593078272132@lid
/nizamai itu yang test baru itu nama subject_id nya pengumuman, sedangkan yang gw maksud adalah subject_id=announcements

[11:30:44]
147593078272132@lid
/nizamai announcements class id 2

[2026-07-19 11:33:10] Auto-reload commands: 17
[2026-07-19 11:33:10] Auto-reload commands: 17
[2026-07-19 11:33:30] Auto-reload commands: 17
[11:35:00]
147593078272132@lid
/nizamai lu skrg bisa inget konteks chat ga

[11:35:21]
147593078272132@lid
/nizamai nilai almira di db brp

[11:36:24]
147593078272132@lid
/nizamai class id 2

[11:39:14]
147593078272132@lid
/reload

[11:39:19]
147593078272132@lid
@nizamai cari nilai almira di db

[11:40:11]
147593078272132@lid
@nizamai cari nilai almira di db

[2026-07-19 11:41:43] Disconnect status 428
[2026-07-19 11:41:43] Disconnect status 408
[2026-07-19 11:41:44] Disconnect status 408
[2026-07-19 11:41:44] Disconnect status 408
[2026-07-19 11:41:44] Disconnect status 408
[2026-07-19 11:41:44] Disconnect status 408
[2026-07-19 11:41:44] Disconnect status 408
[2026-07-19 11:41:44] Disconnect status 408
[2026-07-19 11:41:44] Disconnect status 408
[2026-07-19 11:41:44] Disconnect status 408
[2026-07-19 11:41:44] Disconnect status 408
[2026-07-19 11:41:44] Disconnect status 408
[2026-07-19 11:41:44] Disconnect status 408
[2026-07-19 11:41:44] Disconnect status 408
[2026-07-19 11:41:44] Disconnect status 408
[2026-07-19 11:41:44] Disconnect status 408
[2026-07-19 11:41:45] Disconnect status 408
[2026-07-19 11:41:45] Disconnect status 408
[2026-07-19 11:41:45] Disconnect status 408
[2026-07-19 11:41:45] Disconnect status 408
[2026-07-19 11:41:45] Disconnect status 408
[2026-07-19 11:41:45] Disconnect status 408
[2026-07-19 11:41:45] Disconnect status 408
[2026-07-19 11:41:45] Disconnect status 408
[2026-07-19 11:41:45] Disconnect status 408
[2026-07-19 11:41:45] Disconnect status 408
[2026-07-19 11:41:45] Disconnect status 408
[2026-07-19 11:41:45] Disconnect status 408
[2026-07-19 11:41:45] Disconnect status 408
[2026-07-19 11:41:45] Disconnect status 408
[2026-07-19 11:41:45] Disconnect status 408
[2026-07-19 11:41:45] Disconnect status 408
[2026-07-19 11:41:45] Disconnect status 408
[2026-07-19 11:41:45] Disconnect status 408
[2026-07-19 11:41:45] Disconnect status 408
[2026-07-19 11:41:45] Disconnect status 408
[2026-07-19 11:41:45] Disconnect status 408
[2026-07-19 11:41:45] Disconnect status 408
[2026-07-19 11:41:45] Disconnect status 408
[2026-07-19 11:41:45] Disconnect status 408
[2026-07-19 11:41:45] Disconnect status 408
[2026-07-19 11:41:45] Disconnect status 408
[2026-07-19 11:41:45] Disconnect status 408
[2026-07-19 11:41:45] Disconnect status 408
[2026-07-19 11:41:45] Disconnect status 408
[2026-07-19 11:41:45] Disconnect status 408
[2026-07-19 11:41:45] Disconnect status 408
[2026-07-19 11:41:45] Disconnect status 408
[2026-07-19 11:41:45] Disconnect status 408
[2026-07-19 11:41:45] Disconnect status 408
[2026-07-19 11:41:45] Disconnect status 408
[2026-07-19 11:41:45] Disconnect status 408
[2026-07-19 11:41:45] Disconnect status 408
[2026-07-19 11:41:45] Disconnect status 408
[2026-07-19 11:41:45] Disconnect status 408
[2026-07-19 11:41:45] Disconnect status 408
[2026-07-19 11:41:45] Disconnect status 408
[2026-07-19 11:41:45] Disconnect status 408
[2026-07-19 11:41:45] Disconnect status 408
[2026-07-19 11:41:45] Disconnect status 408
[2026-07-19 11:41:45] Disconnect status 408
[2026-07-19 11:41:46] Disconnect status 408
[2026-07-19 11:41:46] Disconnect status 408
[2026-07-19 11:41:46] Disconnect status 408
[2026-07-19 11:41:46] Disconnect status 408
[2026-07-19 11:41:46] Disconnect status 408
[2026-07-19 11:41:46] Disconnect status 408
[2026-07-19 11:41:46] Disconnect status 408
[2026-07-19 11:41:46] Disconnect status 408
[2026-07-19 11:41:46] Disconnect status 408
[2026-07-19 11:41:46] Disconnect status 408
[2026-07-19 11:41:46] Disconnect status 408
[2026-07-19 11:41:46] Disconnect status 408
[2026-07-19 11:41:46] Disconnect status 408
[2026-07-19 11:41:46] Disconnect status 408
[2026-07-19 11:41:46] Disconnect status 408
[2026-07-19 11:41:46] Disconnect status 408
[2026-07-19 11:41:46] Disconnect status 408
[2026-07-19 11:41:46] Disconnect status 408
[2026-07-19 11:41:46] Disconnect status 408
[2026-07-19 11:41:46] Disconnect status 408
[2026-07-19 11:41:46] Disconnect status 408
[2026-07-19 11:41:46] Disconnect status 408
[2026-07-19 11:41:46] Disconnect status 408
[2026-07-19 11:41:46] Disconnect status 408
[2026-07-19 11:41:46] Disconnect status 408
[2026-07-19 11:41:46] Disconnect status 408
[2026-07-19 11:41:46] Disconnect status 408
[2026-07-19 11:41:46] Disconnect status 408
[2026-07-19 11:41:46] Disconnect status 408
[2026-07-19 11:41:46] Disconnect status 408
[2026-07-19 11:41:46] Disconnect status 408
[2026-07-19 11:41:47] Disconnect status 408
[2026-07-19 11:41:47] Disconnect status 408
[2026-07-19 11:41:47] Disconnect status 408
[2026-07-19 11:41:47] Disconnect status 408
[2026-07-19 11:41:47] Disconnect status 408
[2026-07-19 11:41:47] Disconnect status 408
[2026-07-19 11:41:47] Disconnect status 408
[2026-07-19 11:41:47] Disconnect status 408
[2026-07-19 11:41:47] Disconnect status 408
[2026-07-19 11:41:47] Disconnect status 408
[2026-07-19 11:41:47] Disconnect status 408
[2026-07-19 11:41:47] Disconnect status 408
[2026-07-19 11:41:47] Disconnect status 408
[2026-07-19 11:41:47] Disconnect status 408
[2026-07-19 11:41:47] Disconnect status 408
[2026-07-19 11:41:47] Disconnect status 408
[2026-07-19 11:41:47] Disconnect status 408
[2026-07-19 11:41:47] Disconnect status 408
[2026-07-19 11:41:47] Disconnect status 408
[2026-07-19 11:41:47] Disconnect status 408
[2026-07-19 11:41:47] Disconnect status 408
[2026-07-19 11:41:47] Disconnect status 408
[2026-07-19 11:41:47] Disconnect status 408
[2026-07-19 11:41:47] Disconnect status 408
[2026-07-19 11:41:47] Disconnect status 408
[2026-07-19 11:41:47] Disconnect status 408
[2026-07-19 11:41:47] Disconnect status 408
[2026-07-19 11:41:47] Disconnect status 408
[2026-07-19 11:41:47] Disconnect status 408
[2026-07-19 11:41:47] Disconnect status 408
[2026-07-19 11:41:47] Disconnect status 408
[2026-07-19 11:41:47] Disconnect status 408
[2026-07-19 11:41:47] Disconnect status 408
[2026-07-19 11:41:47] Disconnect status 408
[2026-07-19 11:41:47] Disconnect status 408
[2026-07-19 11:41:47] Disconnect status 408
[2026-07-19 11:41:47] Disconnect status 408
[2026-07-19 11:41:47] Disconnect status 408
[2026-07-19 11:41:47] Disconnect status 408
[2026-07-19 11:41:47] Disconnect status 408
[2026-07-19 11:41:47] Disconnect status 408
[2026-07-19 11:41:47] Disconnect status 408
[2026-07-19 11:41:47] Disconnect status 408
[2026-07-19 11:41:47] Disconnect status 408
[2026-07-19 11:41:47] Disconnect status 408
[2026-07-19 11:41:47] Disconnect status 408
[2026-07-19 11:41:47] Disconnect status 408
[2026-07-19 11:41:47] Disconnect status 408
[2026-07-19 11:41:47] Disconnect status 408
[2026-07-19 11:41:47] Disconnect status 408
[2026-07-19 11:41:48] Disconnect status 408
[2026-07-19 11:41:48] Disconnect status 408
[2026-07-19 11:41:48] Disconnect status 408
[2026-07-19 11:41:48] Disconnect status 408
[2026-07-19 11:41:48] Disconnect status 408
[2026-07-19 11:41:48] Disconnect status 408
[2026-07-19 11:41:48] Disconnect status 408
[2026-07-19 11:41:48] Disconnect status 408
[2026-07-19 11:41:48] Disconnect status 408
[2026-07-19 11:41:48] Disconnect status 408
[2026-07-19 11:41:48] Disconnect status 408
[2026-07-19 11:41:48] Disconnect status 408
[2026-07-19 11:41:48] Disconnect status 408
[2026-07-19 11:41:48] Disconnect status 408
[2026-07-19 11:41:48] Disconnect status 408
[2026-07-19 11:41:48] Disconnect status 408
[2026-07-19 11:41:48] Disconnect status 408
[2026-07-19 11:41:48] Disconnect status 408
[2026-07-19 11:41:48] Disconnect status 408
[2026-07-19 11:41:48] Disconnect status 408
[2026-07-19 11:41:48] Disconnect status 408
[2026-07-19 11:41:48] Disconnect status 408
[2026-07-19 14:33:26] Disconnect status 408
[2026-07-19 14:33:28] Disconnect status 408
[2026-07-19 14:33:28] Disconnect status 408
[2026-07-19 14:33:28] Disconnect status 408
[14:40:38]
147593078272132@lid
/nizamai hai

[2026-07-19 14:44:04] Disconnect status 428
[2026-07-19 14:44:05] Disconnect status 408
[2026-07-19 14:44:05] Disconnect status 408
[2026-07-19 14:44:05] Disconnect status 408
[2026-07-19 14:44:05] Disconnect status 408
[2026-07-19 14:44:05] Disconnect status 408
[2026-07-19 14:44:05] Disconnect status 408
[2026-07-19 14:44:05] Disconnect status 408
[2026-07-19 14:44:05] Disconnect status 408
[2026-07-19 14:44:05] Disconnect status 408
[2026-07-19 14:44:05] Disconnect status 408
[2026-07-19 14:44:05] Disconnect status 408
[2026-07-19 14:44:05] Disconnect status 408
[2026-07-19 14:44:05] Disconnect status 408
[2026-07-19 14:44:05] Disconnect status 408
[2026-07-19 14:44:05] Disconnect status 408
[2026-07-19 14:44:05] Disconnect status 408
[2026-07-19 14:44:05] Disconnect status 408
[2026-07-19 14:44:05] Disconnect status 408
[2026-07-19 14:44:05] Disconnect status 408
[2026-07-19 14:44:05] Disconnect status 408
[2026-07-19 14:44:05] Disconnect status 408
[2026-07-19 14:44:05] Disconnect status 408
[2026-07-19 14:44:05] Disconnect status 408
[2026-07-19 14:44:05] Disconnect status 408
[2026-07-19 14:44:05] Disconnect status 408
[2026-07-19 14:44:05] Disconnect status 408
[2026-07-19 14:44:05] Disconnect status 408
[2026-07-19 14:44:05] Disconnect status 408
[2026-07-19 14:44:05] Disconnect status 408
[2026-07-19 14:44:05] Disconnect status 408
[2026-07-19 14:44:05] Disconnect status 408
[2026-07-19 14:44:05] Disconnect status 408
[2026-07-19 14:44:05] Disconnect status 408
[2026-07-19 14:44:05] Disconnect status 408
[2026-07-19 14:44:05] Disconnect status 408
[2026-07-19 14:44:05] Disconnect status 408
[2026-07-19 14:44:05] Disconnect status 408
[2026-07-19 14:44:05] Disconnect status 408
[2026-07-19 14:44:05] Disconnect status 408
[2026-07-19 14:44:05] Disconnect status 408
[2026-07-19 14:44:05] Disconnect status 408
[2026-07-19 14:44:05] Disconnect status 408
[2026-07-19 14:44:05] Disconnect status 408
[2026-07-19 14:44:05] Disconnect status 408
[2026-07-19 14:44:05] Disconnect status 408
[2026-07-19 14:44:05] Disconnect status 408
[2026-07-19 14:44:05] Disconnect status 408
[2026-07-19 14:44:05] Disconnect status 408
[2026-07-19 14:44:05] Disconnect status 408
[2026-07-19 14:44:05] Disconnect status 408
[2026-07-19 14:44:05] Disconnect status 408
[2026-07-19 14:44:05] Disconnect status 408
[2026-07-19 14:44:05] Disconnect status 408
[2026-07-19 14:44:06] Disconnect status 408
[2026-07-19 14:44:06] Disconnect status 408
[2026-07-19 14:44:06] Disconnect status 408
[2026-07-19 14:44:06] Disconnect status 408
[2026-07-19 14:44:06] Disconnect status 408
[2026-07-19 14:44:06] Disconnect status 408
[2026-07-19 14:44:06] Disconnect status 408
[2026-07-19 14:44:06] Disconnect status 408
[2026-07-19 14:44:06] Disconnect status 408
[2026-07-19 14:44:06] Disconnect status 408
[2026-07-19 14:44:06] Disconnect status 408
[2026-07-19 14:44:06] Disconnect status 408
[2026-07-19 14:44:06] Disconnect status 408
[2026-07-19 14:44:06] Disconnect status 408
[2026-07-19 14:44:06] Disconnect status 408
[2026-07-19 14:44:06] Disconnect status 408
[2026-07-19 14:44:06] Disconnect status 408
[2026-07-19 14:44:06] Disconnect status 408
[2026-07-19 14:44:06] Disconnect status 408
[2026-07-19 14:44:06] Disconnect status 408
[2026-07-19 14:44:06] Disconnect status 408
[2026-07-19 14:44:06] Disconnect status 408
[2026-07-19 14:44:06] Disconnect status 408
[2026-07-19 14:44:06] Disconnect status 408
[2026-07-19 14:44:06] Disconnect status 408
[2026-07-19 14:44:06] Disconnect status 408
[2026-07-19 14:44:06] Disconnect status 408
[2026-07-19 14:44:06] Disconnect status 408
[2026-07-19 14:44:06] Disconnect status 408
[2026-07-19 14:44:06] Disconnect status 408
[2026-07-19 14:44:06] Disconnect status 408
[2026-07-19 14:44:06] Disconnect status 408
[2026-07-19 14:44:06] Disconnect status 408
[2026-07-19 14:44:06] Disconnect status 408
[2026-07-19 14:44:06] Disconnect status 408
[2026-07-19 14:44:06] Disconnect status 408
[2026-07-19 14:44:06] Disconnect status 408
[2026-07-19 14:44:06] Disconnect status 408
[2026-07-19 14:44:06] Disconnect status 408
[2026-07-19 14:44:06] Disconnect status 408
[2026-07-19 14:44:06] Disconnect status 408
[2026-07-19 14:44:06] Disconnect status 408
[2026-07-19 14:44:06] Disconnect status 408
[2026-07-19 14:44:06] Disconnect status 408
[2026-07-19 14:44:06] Disconnect status 408
[2026-07-19 14:44:06] Disconnect status 408
[2026-07-19 14:44:06] Disconnect status 408
[2026-07-19 14:44:06] Disconnect status 408
[2026-07-19 14:44:06] Disconnect status 408
[2026-07-19 14:44:06] Disconnect status 408
[2026-07-19 14:44:06] Disconnect status 408
[2026-07-19 14:44:06] Disconnect status 408
[2026-07-19 14:44:06] Disconnect status 408
[2026-07-19 14:44:06] Disconnect status 408
[2026-07-19 14:44:06] Disconnect status 408
[2026-07-19 14:44:06] Disconnect status 408
[2026-07-19 14:44:06] Disconnect status 408
[2026-07-19 14:44:06] Disconnect status 408
[2026-07-19 14:44:06] Disconnect status 408
[2026-07-19 14:44:06] Disconnect status 408
[2026-07-19 14:44:06] Disconnect status 408
[2026-07-19 14:44:06] Disconnect status 408
[2026-07-19 14:44:06] Disconnect status 408
[2026-07-19 14:44:06] Disconnect status 408
[2026-07-19 14:44:06] Disconnect status 408
[2026-07-19 14:44:06] Disconnect status 408
[2026-07-19 14:44:06] Disconnect status 408
[2026-07-19 14:44:06] Disconnect status 408
[2026-07-19 14:44:06] Disconnect status 408
[2026-07-19 14:44:06] Disconnect status 408
[2026-07-19 14:44:06] Disconnect status 408
[2026-07-19 14:44:06] Disconnect status 408
[2026-07-19 14:44:06] Disconnect status 408
[2026-07-19 14:44:06] Disconnect status 408
[2026-07-19 14:44:06] Disconnect status 408
[2026-07-19 14:44:06] Disconnect status 408
[2026-07-19 14:44:06] Disconnect status 408
[2026-07-19 14:44:06] Disconnect status 408
[2026-07-19 14:44:06] Disconnect status 408
[2026-07-19 14:44:06] Disconnect status 408
[2026-07-19 14:44:06] Disconnect status 408
[2026-07-19 14:44:06] Disconnect status 408
[2026-07-19 14:44:06] Disconnect status 408
[2026-07-19 14:44:06] Disconnect status 408
[2026-07-19 14:44:06] Disconnect status 408
[2026-07-19 14:44:06] Disconnect status 408
[2026-07-19 14:44:06] Disconnect status 408
[2026-07-19 14:44:06] Disconnect status 408
[2026-07-19 14:44:06] Disconnect status 408
[2026-07-19 14:44:06] Disconnect status 408
[2026-07-19 14:44:06] Disconnect status 408
[2026-07-19 14:44:06] Disconnect status 408
[2026-07-19 14:44:06] Disconnect status 408
[2026-07-19 14:44:06] Disconnect status 408
[2026-07-19 14:44:06] Disconnect status 408
[2026-07-19 14:44:06] Disconnect status 408
[2026-07-19 14:44:06] Disconnect status 408
[2026-07-19 14:44:06] Disconnect status 408
[2026-07-19 14:44:06] Disconnect status 408
[2026-07-19 14:44:06] Disconnect status 408
[2026-07-19 14:44:06] Disconnect status 408
[2026-07-19 14:44:06] Disconnect status 408
[2026-07-19 14:44:06] Disconnect status 408
[2026-07-19 14:44:06] Disconnect status 408
[2026-07-19 14:44:06] Disconnect status 408
[2026-07-19 14:44:06] Disconnect status 408
[2026-07-19 14:44:06] Disconnect status 408
[2026-07-19 14:44:06] Disconnect status 408
[2026-07-19 14:44:06] Disconnect status 408
[2026-07-19 14:44:06] Disconnect status 408
[2026-07-19 14:44:06] Disconnect status 408
[2026-07-19 14:45:08] Auto-reload commands: 18
[2026-07-19 14:45:08] Auto-reload commands: 18
[14:46:08]
147593078272132@lid
/brat hai

[14:46:45]
147593078272132@lid
/brat besok hadir yh kangen

[14:47:20]
147593078272132@lid
/brat kangen --putih

[2026-07-19 14:48:03] Auto-reload commands: 18
[2026-07-19 14:48:32] Auto-reload commands: 18
[14:49:47]
147593078272132@lid
/brat hai

[14:50:07]
147593078272132@lid
/reload

[14:50:10]
147593078272132@lid
/brat hai

[2026-07-19 14:50:20] Auto-reload commands: 18
[2026-07-19 14:50:33] Auto-reload commands: 18
[14:51:31]
147593078272132@lid
/reload

[14:51:38]
147593078272132@lid
/brat kangen

[14:52:26]
147593078272132@lid
/brat kangennn

[14:52:33]
147593078272132@lid
/info

[2026-07-19 14:53:48] Auto-reload commands: 18
[2026-07-19 14:54:42] Auto-reload commands: 18
[14:55:08]
147593078272132@lid
/RELOAD

[14:55:14]
147593078272132@lid
/brat kangen

[15:00:36]
147593078272132@lid
/brat kangen

[15:00:42]
147593078272132@lid
/reload

[15:00:47]
147593078272132@lid
/brat kangen

[15:01:19]
147593078272132@lid
/brat besok hadir yh kangen

[15:03:10]
147593078272132@lid
/brat besok hadir yh kangen

[15:03:20]
147593078272132@lid
/reload

[15:03:26]
147593078272132@lid
/brat besok hadir yh kangen

[15:04:15]
147593078272132@lid
/brat hawuodahiducbaodw adiuahwuidv awdibuabwid

[15:06:44]
147593078272132@lid
/reload

[15:06:51]
147593078272132@lid
/brat besok hadir yh kangen]

[15:07:10]
147593078272132@lid
/brat lalalaallalalaa lalalala lalalala alalal

[2026-07-19 15:08:43] Auto-reload commands: 18
[15:09:22]
147593078272132@lid
/reload

[15:09:28]
147593078272132@lid
/brat lalaalal alalanola aldal ald al ala dl a

[15:10:49]
147593078272132@lid
/brat besok hadir yh

[15:14:25]
147593078272132@lid
/reload

[15:14:32]
147593078272132@lid
/brat besok hadir yh

[15:15:40]
147593078272132@lid
/reload

[15:15:46]
147593078272132@lid
/brat besok hadir yh

[15:16:20]
147593078272132@lid
/brat besok hadir yh

[15:16:37]
147593078272132@lid
/brat besok

[15:19:36]
147593078272132@lid
/menu

[15:20:28]
147593078272132@lid
/remind 5s belajar

[15:24:29]
147593078272132@lid
/pengumuman

[2026-07-19 15:24:55] Auto-reload commands: 18
[2026-07-19 15:25:17] Auto-reload commands: 18
[2026-07-19 15:25:19] Auto-reload commands: 18
[15:25:23]
147593078272132@lid
/reload

[15:25:27]
147593078272132@lid
/pengumuman

[15:26:13]
147593078272132@lid
/jadwal

[15:26:23]
147593078272132@lid
/setkelas 2

[15:26:28]
147593078272132@lid
/jadwal 2

[15:27:06]
147593078272132@lid
/card announcements 2 besok hadir yh | kangen

[2026-07-19 15:46:53] Auto-reload commands: 18
[2026-07-19 15:46:54] Auto-reload commands: 18
[2026-07-19 15:48:37] Auto-reload commands: 18
[2026-07-19 15:48:46] Auto-reload commands: 18
[2026-07-19 15:48:56] Auto-reload commands: 18
[15:55:37]
147593078272132@lid
/help

[2026-07-19 16:50:41] Disconnect status 428
[2026-07-19 16:51:03] Disconnect status 408
[2026-07-19 16:51:14] Disconnect status 408
[2026-07-19 16:51:25] Disconnect status 408
[2026-07-19 16:51:36] Disconnect status 408
[2026-07-19 16:51:36] Disconnect status 408
[2026-07-19 16:51:36] Disconnect status 408
[2026-07-19 16:51:36] Disconnect status 408
[2026-07-19 16:51:36] Disconnect status 408
[2026-07-19 16:51:36] Disconnect status 408
[2026-07-19 16:51:36] Disconnect status 408
[2026-07-19 16:51:36] Disconnect status 408
[2026-07-19 16:51:36] Disconnect status 408
[2026-07-19 16:51:36] Disconnect status 408
[2026-07-19 16:51:36] Disconnect status 408
[2026-07-19 16:51:36] Disconnect status 408
[2026-07-19 16:51:36] Disconnect status 408
[2026-07-19 16:51:36] Disconnect status 408
[2026-07-19 16:51:36] Disconnect status 408
[2026-07-19 16:51:36] Disconnect status 408
[2026-07-19 16:51:36] Disconnect status 408
[2026-07-19 16:51:36] Disconnect status 408
[2026-07-19 16:51:36] Disconnect status 408
[2026-07-19 16:51:36] Disconnect status 408
[2026-07-19 16:51:36] Disconnect status 408
[2026-07-19 16:51:36] Disconnect status 408
[2026-07-19 16:51:36] Disconnect status 408
[2026-07-19 16:51:36] Disconnect status 408
[2026-07-19 16:51:36] Disconnect status 408
[2026-07-19 16:51:36] Disconnect status 408
[2026-07-19 16:51:36] Disconnect status 408
[2026-07-19 16:51:36] Disconnect status 408
[2026-07-19 16:51:36] Disconnect status 408
[2026-07-19 16:51:36] Disconnect status 408
[2026-07-19 16:51:36] Disconnect status 408
[2026-07-19 16:51:36] Disconnect status 408
[2026-07-19 16:51:36] Disconnect status 408
[2026-07-19 16:51:36] Disconnect status 408
[2026-07-19 16:51:36] Disconnect status 408
[2026-07-19 16:51:36] Disconnect status 408
[2026-07-19 16:51:36] Disconnect status 408
[2026-07-19 16:51:36] Disconnect status 408
[2026-07-19 16:51:36] Disconnect status 408
[2026-07-19 16:51:36] Disconnect status 408
[2026-07-19 16:51:36] Disconnect status 408
[2026-07-19 16:51:36] Disconnect status 408
[2026-07-19 16:51:36] Disconnect status 408
[2026-07-19 16:51:36] Disconnect status 408
[2026-07-19 16:51:36] Disconnect status 408
[2026-07-19 16:51:36] Disconnect status 408
[2026-07-19 16:51:36] Disconnect status 408
[2026-07-19 16:51:36] Disconnect status 408
[2026-07-19 16:51:36] Disconnect status 408
[2026-07-19 16:51:36] Disconnect status 408
[2026-07-19 16:51:36] Disconnect status 408
[2026-07-19 16:51:36] Disconnect status 408
[2026-07-19 16:51:36] Disconnect status 408
[2026-07-19 16:51:36] Disconnect status 408
[2026-07-19 16:51:36] Disconnect status 408
[2026-07-19 16:51:36] Disconnect status 408
[2026-07-19 16:51:36] Disconnect status 408
[2026-07-19 16:51:36] Disconnect status 408
[2026-07-19 16:51:36] Disconnect status 408
[2026-07-19 16:51:36] Disconnect status 408
[2026-07-19 16:51:36] Disconnect status 408
[2026-07-19 16:51:36] Disconnect status 408
[2026-07-19 16:51:36] Disconnect status 408
[2026-07-19 16:51:36] Disconnect status 408
[2026-07-19 16:51:36] Disconnect status 408
[2026-07-19 16:51:36] Disconnect status 408
[2026-07-19 16:51:36] Disconnect status 408
[2026-07-19 16:51:36] Disconnect status 408
[2026-07-19 16:51:36] Disconnect status 408
[2026-07-19 16:51:36] Disconnect status 408
[2026-07-19 16:51:36] Disconnect status 408
[2026-07-19 16:51:36] Disconnect status 408
[2026-07-19 16:51:36] Disconnect status 408
[2026-07-19 16:51:36] Disconnect status 408
[2026-07-19 16:51:36] Disconnect status 408
[2026-07-19 16:51:36] Disconnect status 408
[2026-07-19 16:51:36] Disconnect status 408
[2026-07-19 16:51:36] Disconnect status 408
[2026-07-19 16:51:36] Disconnect status 408
[2026-07-19 16:51:36] Disconnect status 408
[2026-07-19 16:51:36] Disconnect status 408
[2026-07-19 16:51:36] Disconnect status 408
[2026-07-19 16:51:36] Disconnect status 408
[2026-07-19 16:51:36] Disconnect status 408
[2026-07-19 16:51:36] Disconnect status 408
[2026-07-19 16:51:36] Disconnect status 408
[2026-07-19 16:51:36] Disconnect status 408
[2026-07-19 16:51:36] Disconnect status 408
[2026-07-19 16:51:36] Disconnect status 408
[2026-07-19 16:51:36] Disconnect status 408
[2026-07-19 16:51:36] Disconnect status 408
[2026-07-19 16:51:36] Disconnect status 408
[2026-07-19 16:51:36] Disconnect status 408
[2026-07-19 16:51:36] Disconnect status 408
[2026-07-19 16:51:36] Disconnect status 408
[2026-07-19 16:51:36] Disconnect status 408
[2026-07-19 16:51:36] Disconnect status 408
[2026-07-19 16:51:36] Disconnect status 408
[2026-07-19 16:51:36] Disconnect status 408
[2026-07-19 16:51:36] Disconnect status 408
[2026-07-19 16:51:36] Disconnect status 408
[2026-07-19 16:51:36] Disconnect status 408
[2026-07-19 16:51:36] Disconnect status 408
[2026-07-19 16:51:36] Disconnect status 408
[2026-07-19 16:51:36] Disconnect status 408
[2026-07-19 16:51:36] Disconnect status 408
[2026-07-19 16:51:36] Disconnect status 408
[2026-07-19 16:51:36] Disconnect status 408
[2026-07-19 16:51:36] Disconnect status 408
[2026-07-19 16:51:36] Disconnect status 408
[2026-07-19 16:51:36] Disconnect status 408
[2026-07-19 16:51:36] Disconnect status 408
[2026-07-19 16:51:36] Disconnect status 408
[2026-07-19 16:51:36] Disconnect status 408
[2026-07-19 16:51:36] Disconnect status 408
[2026-07-19 16:51:36] Disconnect status 408
[2026-07-19 16:51:36] Disconnect status 408
[2026-07-19 16:51:36] Disconnect status 408
[2026-07-19 16:51:36] Disconnect status 408
[2026-07-19 16:51:36] Disconnect status 408
[2026-07-19 16:51:36] Disconnect status 408
[2026-07-19 16:51:36] Disconnect status 408
[2026-07-19 16:51:36] Disconnect status 408
[2026-07-19 16:51:36] Disconnect status 408
[2026-07-19 16:51:36] Disconnect status 408
[2026-07-19 16:51:36] Disconnect status 408
[2026-07-19 16:51:36] Disconnect status 408
[2026-07-19 16:51:36] Disconnect status 408
[2026-07-19 16:51:36] Disconnect status 408
[2026-07-19 16:51:36] Disconnect status 408
[2026-07-19 16:51:36] Disconnect status 408
[2026-07-19 16:51:36] Disconnect status 408
[2026-07-19 16:51:36] Disconnect status 408
[2026-07-19 16:51:36] Disconnect status 408
[2026-07-19 16:51:36] Disconnect status 408
[2026-07-19 16:51:36] Disconnect status 408
[2026-07-19 16:51:36] Disconnect status 408
[2026-07-19 16:51:36] Disconnect status 408
[2026-07-19 16:51:36] Disconnect status 408
[2026-07-19 16:51:36] Disconnect status 408
[2026-07-19 16:51:36] Disconnect status 408
[2026-07-19 16:51:36] Disconnect status 408
[2026-07-19 16:51:37] Disconnect status 408
[2026-07-19 16:51:37] Disconnect status 408
[2026-07-19 16:51:37] Disconnect status 408
[2026-07-19 16:51:37] Disconnect status 408
[2026-07-19 16:51:37] Disconnect status 408
[2026-07-19 16:51:37] Disconnect status 408
[2026-07-19 16:51:37] Disconnect status 408
[2026-07-19 16:51:37] Disconnect status 408
[2026-07-19 16:51:37] Disconnect status 408
[2026-07-19 16:51:37] Disconnect status 408
[2026-07-19 16:51:37] Disconnect status 408
[2026-07-19 16:51:37] Disconnect status 408
[2026-07-19 16:51:37] Disconnect status 408
[2026-07-19 16:51:37] Disconnect status 408
[2026-07-19 16:51:37] Disconnect status 408
[2026-07-19 16:51:37] Disconnect status 408
[2026-07-19 16:51:37] Disconnect status 408
[2026-07-19 16:51:37] Disconnect status 408
[2026-07-19 16:51:37] Disconnect status 408
[2026-07-19 16:51:37] Disconnect status 408
[2026-07-19 16:51:37] Disconnect status 408
[2026-07-19 16:51:37] Disconnect status 408
[2026-07-19 16:51:37] Disconnect status 408
[2026-07-19 16:51:37] Disconnect status 408
[2026-07-19 16:51:37] Disconnect status 408
[2026-07-19 16:51:37] Disconnect status 408
[2026-07-19 16:51:37] Disconnect status 408
[2026-07-19 16:51:37] Disconnect status 408
[2026-07-19 16:51:37] Disconnect status 408
[2026-07-19 16:51:37] Disconnect status 408
[2026-07-19 16:51:37] Disconnect status 408
[2026-07-19 16:51:37] Disconnect status 408
[2026-07-19 16:51:37] Disconnect status 408
[2026-07-19 16:51:37] Disconnect status 408
[2026-07-19 16:51:37] Disconnect status 408
[2026-07-19 16:51:37] Disconnect status 408
[2026-07-19 16:51:37] Disconnect status 408
[2026-07-19 16:51:37] Disconnect status 408
[2026-07-19 16:51:37] Disconnect status 408
[2026-07-19 16:51:37] Disconnect status 408
[2026-07-19 16:51:37] Disconnect status 408
[2026-07-19 16:51:37] Disconnect status 408
[2026-07-19 16:51:37] Disconnect status 408
[2026-07-19 16:51:37] Disconnect status 408
[2026-07-19 16:51:37] Disconnect status 408
[2026-07-19 16:51:37] Disconnect status 408
[2026-07-19 16:51:37] Disconnect status 408
[2026-07-19 16:51:37] Disconnect status 408
[2026-07-19 16:51:37] Disconnect status 408
[2026-07-19 16:51:37] Disconnect status 408
[2026-07-19 16:51:37] Disconnect status 408
[2026-07-19 16:51:37] Disconnect status 408
[2026-07-19 16:51:37] Disconnect status 408
[2026-07-19 16:51:37] Disconnect status 408
[2026-07-19 16:51:37] Disconnect status 408
[2026-07-19 16:51:37] Disconnect status 408
[2026-07-19 16:51:37] Disconnect status 408
[2026-07-19 16:51:37] Disconnect status 408
[2026-07-19 16:51:37] Disconnect status 408
[2026-07-19 16:51:37] Disconnect status 408
[2026-07-19 16:51:37] Disconnect status 408
[2026-07-19 16:51:37] Disconnect status 408
[2026-07-19 16:51:37] Disconnect status 408
[2026-07-19 16:51:37] Disconnect status 408
[2026-07-19 16:51:37] Disconnect status 408
[2026-07-19 16:51:37] Disconnect status 408
[2026-07-19 16:51:37] Disconnect status 408
[2026-07-19 16:51:37] Disconnect status 408
[2026-07-19 16:51:37] Disconnect status 408
[2026-07-19 16:51:37] Disconnect status 408
[2026-07-19 16:51:37] Disconnect status 408
[2026-07-19 16:51:37] Disconnect status 408
[2026-07-19 16:51:37] Disconnect status 408
[2026-07-19 16:51:37] Disconnect status 408
[2026-07-19 16:51:37] Disconnect status 408
[2026-07-19 16:51:37] Disconnect status 408
[2026-07-19 16:51:37] Disconnect status 408
[2026-07-19 16:51:37] Disconnect status 408
[2026-07-19 16:51:37] Disconnect status 408
[2026-07-19 16:51:37] Disconnect status 408
[2026-07-19 16:51:37] Disconnect status 408
[2026-07-19 16:51:37] Disconnect status 408
[2026-07-19 16:51:37] Disconnect status 408
[2026-07-19 16:51:37] Disconnect status 408
[2026-07-19 16:51:37] Disconnect status 408
[2026-07-19 16:51:37] Disconnect status 408
[2026-07-19 16:51:37] Disconnect status 408
[2026-07-19 16:51:37] Disconnect status 408
[2026-07-19 16:51:37] Disconnect status 408
[2026-07-19 16:51:37] Disconnect status 408
[2026-07-19 16:51:37] Disconnect status 408
[2026-07-19 16:51:37] Disconnect status 408
[2026-07-19 16:51:37] Disconnect status 408
[2026-07-19 16:51:37] Disconnect status 408
[2026-07-19 16:51:37] Disconnect status 408
[2026-07-19 16:51:37] Disconnect status 408
[2026-07-19 16:51:37] Disconnect status 408
[2026-07-19 16:51:37] Disconnect status 408
[2026-07-19 16:51:37] Disconnect status 408
[2026-07-19 16:51:37] Disconnect status 408
[2026-07-19 16:51:37] Disconnect status 408
[2026-07-19 16:51:37] Disconnect status 408
[2026-07-19 16:51:37] Disconnect status 408
[2026-07-19 16:51:37] Disconnect status 408
[2026-07-19 16:51:37] Disconnect status 408
[2026-07-19 16:51:37] Disconnect status 408
[2026-07-19 16:51:37] Disconnect status 408
[2026-07-19 16:51:37] Disconnect status 408
[2026-07-19 16:51:37] Disconnect status 408
[2026-07-19 16:51:37] Disconnect status 408
[2026-07-19 16:51:37] Disconnect status 408
[2026-07-19 16:51:37] Disconnect status 408
[2026-07-19 16:51:37] Disconnect status 408
[2026-07-19 16:51:37] Disconnect status 408
[2026-07-19 16:51:37] Disconnect status 408
[2026-07-19 16:51:37] Disconnect status 408
[2026-07-19 16:51:37] Disconnect status 408
[2026-07-19 16:51:37] Disconnect status 408
[2026-07-19 16:51:37] Disconnect status 408
[2026-07-19 16:51:37] Disconnect status 408
[2026-07-19 16:51:37] Disconnect status 408
[2026-07-19 16:51:37] Disconnect status 408
[2026-07-19 16:51:37] Disconnect status 408
[2026-07-19 16:51:37] Disconnect status 408
[2026-07-19 16:51:37] Disconnect status 408
[2026-07-19 16:51:37] Disconnect status 408
[2026-07-19 16:51:37] Disconnect status 408
[2026-07-19 16:51:37] Disconnect status 408
[2026-07-19 16:51:37] Disconnect status 408
[2026-07-19 16:51:37] Disconnect status 408
[2026-07-19 16:51:37] Disconnect status 408
[2026-07-19 16:51:37] Disconnect status 408
[2026-07-19 16:51:37] Disconnect status 408
[2026-07-19 16:51:37] Disconnect status 408
[2026-07-19 16:51:37] Disconnect status 408
[2026-07-19 16:51:37] Disconnect status 408
[2026-07-19 16:51:37] Disconnect status 408
[2026-07-19 16:51:37] Disconnect status 408
[2026-07-19 16:51:37] Disconnect status 408
[2026-07-19 16:51:37] Disconnect status 408
[2026-07-19 16:51:37] Disconnect status 408
[2026-07-19 16:51:37] Disconnect status 408
[2026-07-19 16:51:37] Disconnect status 408
[2026-07-19 16:51:37] Disconnect status 408
[2026-07-19 16:51:37] Disconnect status 408
[2026-07-19 16:51:37] Disconnect status 408
[2026-07-19 16:51:37] Disconnect status 408
[2026-07-19 16:51:37] Disconnect status 408
[2026-07-19 16:51:37] Disconnect status 408
[2026-07-19 16:51:37] Disconnect status 408
[2026-07-19 16:51:37] Disconnect status 408
[2026-07-19 16:51:37] Disconnect status 408
[2026-07-19 16:51:38] Disconnect status 408
[2026-07-19 16:51:38] Disconnect status 408
[2026-07-19 16:51:38] Disconnect status 408
[2026-07-19 16:51:38] Disconnect status 408
[2026-07-19 16:51:38] Disconnect status 408
[2026-07-19 16:51:38] Disconnect status 408
[2026-07-19 16:51:38] Disconnect status 408
[2026-07-19 16:51:38] Disconnect status 408
[2026-07-19 16:51:38] Disconnect status 408
[2026-07-19 16:51:38] Disconnect status 408
[2026-07-19 16:51:38] Disconnect status 408
[2026-07-19 16:51:38] Disconnect status 408
[2026-07-19 16:51:38] Disconnect status 408
[2026-07-19 16:51:38] Disconnect status 408
[2026-07-19 16:51:38] Disconnect status 408
[2026-07-19 16:51:38] Disconnect status 408
[2026-07-19 16:51:38] Disconnect status 408
[2026-07-19 16:51:38] Disconnect status 408
[2026-07-19 16:51:38] Disconnect status 408
[2026-07-19 16:51:38] Disconnect status 408
[2026-07-19 16:51:38] Disconnect status 408
[2026-07-19 16:51:38] Disconnect status 408
[2026-07-19 16:51:38] Disconnect status 408
[2026-07-19 16:51:38] Disconnect status 408
[2026-07-19 16:51:38] Disconnect status 408
[2026-07-19 16:51:38] Disconnect status 408
[2026-07-19 16:51:38] Disconnect status 408
[2026-07-19 16:51:38] Disconnect status 408
[2026-07-19 16:51:38] Disconnect status 408
[2026-07-19 16:51:38] Disconnect status 408
[2026-07-19 16:51:38] Disconnect status 408
[2026-07-19 16:51:38] Disconnect status 408
[2026-07-19 16:51:38] Disconnect status 408
[2026-07-19 16:51:38] Disconnect status 408
[2026-07-19 16:51:38] Disconnect status 408
[2026-07-19 16:51:38] Disconnect status 408
[2026-07-19 16:51:38] Disconnect status 408
[2026-07-19 16:51:38] Disconnect status 408
[2026-07-19 16:51:38] Disconnect status 408
[2026-07-19 16:51:38] Disconnect status 408
[2026-07-19 16:51:38] Disconnect status 408
[2026-07-19 16:51:38] Disconnect status 408
[2026-07-19 16:51:38] Disconnect status 408
[2026-07-19 16:51:38] Disconnect status 408
[2026-07-19 16:51:38] Disconnect status 408
[2026-07-19 16:51:38] Disconnect status 408
[2026-07-19 16:51:38] Disconnect status 408
[2026-07-19 16:51:38] Disconnect status 408
[2026-07-19 16:51:38] Disconnect status 408
[2026-07-19 16:51:38] Disconnect status 408
[2026-07-19 16:51:38] Disconnect status 408
[2026-07-19 16:51:38] Disconnect status 408
[2026-07-19 16:51:38] Disconnect status 408
[2026-07-19 16:51:38] Disconnect status 408
[2026-07-19 16:51:38] Disconnect status 408
[2026-07-19 16:51:38] Disconnect status 408
[2026-07-19 16:51:38] Disconnect status 408
[2026-07-19 16:51:38] Disconnect status 408
[2026-07-19 16:51:38] Disconnect status 408
[2026-07-19 16:51:38] Disconnect status 408
[2026-07-19 16:51:38] Disconnect status 408
[2026-07-19 16:51:38] Disconnect status 408
[2026-07-19 16:51:38] Disconnect status 408
[2026-07-19 16:51:38] Disconnect status 408
[2026-07-19 16:51:38] Disconnect status 408
[2026-07-19 16:51:38] Disconnect status 408
[2026-07-19 16:51:38] Disconnect status 408
[2026-07-19 16:51:38] Disconnect status 408
[2026-07-19 16:51:38] Disconnect status 408
[2026-07-19 16:51:38] Disconnect status 408
[2026-07-19 16:51:38] Disconnect status 408
[2026-07-19 16:51:38] Disconnect status 408
[2026-07-19 16:51:38] Disconnect status 408
[2026-07-19 16:51:38] Disconnect status 408
[2026-07-19 16:51:38] Disconnect status 408
[2026-07-19 16:51:38] Disconnect status 408
[2026-07-19 16:51:38] Disconnect status 408
[2026-07-19 16:51:38] Disconnect status 408
[2026-07-19 16:51:38] Disconnect status 408
[2026-07-19 16:51:38] Disconnect status 408
[2026-07-19 16:51:38] Disconnect status 408
[2026-07-19 16:51:38] Disconnect status 408
[2026-07-19 16:51:38] Disconnect status 408
[2026-07-19 16:51:38] Disconnect status 408
[2026-07-19 16:51:38] Disconnect status 408
[2026-07-19 16:51:38] Disconnect status 408
[2026-07-19 16:51:38] Disconnect status 408
[2026-07-19 16:51:38] Disconnect status 408
[2026-07-19 16:51:38] Disconnect status 408
[2026-07-19 16:51:38] Disconnect status 408
[2026-07-19 16:51:38] Disconnect status 408
[2026-07-19 16:51:38] Disconnect status 408
[2026-07-19 16:51:38] Disconnect status 408
[2026-07-19 16:51:38] Disconnect status 408
[2026-07-19 16:51:38] Disconnect status 408
[2026-07-19 16:51:38] Disconnect status 408
[2026-07-19 16:51:38] Disconnect status 408
[2026-07-19 16:51:38] Disconnect status 408
[2026-07-19 16:51:38] Disconnect status 408
[2026-07-19 16:51:38] Disconnect status 408
[2026-07-19 16:51:38] Disconnect status 408
[2026-07-19 16:51:38] Disconnect status 408
[2026-07-19 16:51:38] Disconnect status 408
[2026-07-19 16:51:38] Disconnect status 408
[2026-07-19 16:51:38] Disconnect status 408
[2026-07-19 16:51:38] Disconnect status 408
[2026-07-19 16:51:38] Disconnect status 408
[2026-07-19 16:51:38] Disconnect status 408
[2026-07-19 16:51:38] Disconnect status 408
[2026-07-19 16:51:38] Disconnect status 408
[2026-07-19 16:51:38] Disconnect status 408
[2026-07-19 16:51:38] Disconnect status 408
[2026-07-19 16:51:38] Disconnect status 408
[2026-07-19 16:51:38] Disconnect status 408
[2026-07-19 16:51:38] Disconnect status 408
[2026-07-19 16:51:38] Disconnect status 408
[2026-07-19 16:51:38] Disconnect status 408
[2026-07-19 16:51:38] Disconnect status 408
[2026-07-19 16:51:38] Disconnect status 408
[2026-07-19 16:51:38] Disconnect status 408
[2026-07-19 16:51:38] Disconnect status 408
[2026-07-19 16:51:38] Disconnect status 408
[2026-07-19 16:51:38] Disconnect status 408
[2026-07-19 16:51:38] Disconnect status 408
[2026-07-19 16:51:38] Disconnect status 408
[2026-07-19 16:51:38] Disconnect status 408
[2026-07-19 16:51:38] Disconnect status 408
[2026-07-19 16:51:38] Disconnect status 408
[2026-07-19 16:51:38] Disconnect status 408
[2026-07-19 16:51:38] Disconnect status 408
[2026-07-19 16:51:38] Disconnect status 408
[2026-07-19 16:51:38] Disconnect status 408
[2026-07-19 16:51:38] Disconnect status 408
[2026-07-19 16:51:38] Disconnect status 408
[2026-07-19 16:51:38] Disconnect status 408
[2026-07-19 16:51:38] Disconnect status 408
[2026-07-19 16:51:38] Disconnect status 408
[2026-07-19 16:51:38] Disconnect status 408
[2026-07-19 16:51:38] Disconnect status 408
[2026-07-19 16:51:38] Disconnect status 408
[2026-07-19 16:51:38] Disconnect status 408
[2026-07-19 16:51:38] Disconnect status 408
[2026-07-19 16:51:38] Disconnect status 408
[2026-07-19 16:51:38] Disconnect status 408
[2026-07-19 16:51:38] Disconnect status 408
[2026-07-19 16:51:39] Disconnect status 408
[2026-07-19 16:51:39] Disconnect status 408
[2026-07-19 16:51:39] Disconnect status 408
[2026-07-19 16:51:39] Disconnect status 408
[2026-07-19 16:51:39] Disconnect status 408
[2026-07-19 16:51:39] Disconnect status 408
[2026-07-19 16:51:39] Disconnect status 408
[2026-07-19 16:51:39] Disconnect status 408
[2026-07-19 16:51:39] Disconnect status 408
[2026-07-19 16:51:39] Disconnect status 408
[2026-07-19 16:51:39] Disconnect status 408
[2026-07-19 16:51:39] Disconnect status 408
[2026-07-19 16:51:39] Disconnect status 408
[2026-07-19 16:51:39] Disconnect status 408
[2026-07-19 16:51:39] Disconnect status 408
[2026-07-19 16:51:39] Disconnect status 408
[2026-07-19 16:51:39] Disconnect status 408
[2026-07-19 16:51:39] Disconnect status 408
[2026-07-19 16:51:39] Disconnect status 408
[2026-07-19 16:51:39] Disconnect status 408
[2026-07-19 16:51:39] Disconnect status 408
[2026-07-19 16:51:39] Disconnect status 408
[2026-07-19 16:51:39] Disconnect status 408
[2026-07-19 16:51:39] Disconnect status 408
[2026-07-19 16:51:39] Disconnect status 408
[2026-07-19 16:51:39] Disconnect status 408
[2026-07-19 16:51:39] Disconnect status 408
[2026-07-19 16:51:39] Disconnect status 408
[2026-07-19 16:51:39] Disconnect status 408
[2026-07-19 16:51:39] Disconnect status 408
[2026-07-19 16:51:39] Disconnect status 408
[2026-07-19 16:51:39] Disconnect status 408
[2026-07-19 16:51:39] Disconnect status 408
[2026-07-19 16:51:39] Disconnect status 408
[2026-07-19 16:51:39] Disconnect status 408
[2026-07-19 16:51:39] Disconnect status 408
[2026-07-19 16:51:39] Disconnect status 408
[2026-07-19 16:51:39] Disconnect status 408
[2026-07-19 16:51:39] Disconnect status 408
[2026-07-19 16:51:39] Disconnect status 408
[2026-07-19 16:51:39] Disconnect status 408
[2026-07-19 16:51:39] Disconnect status 408
[2026-07-19 16:51:39] Disconnect status 408
[2026-07-19 16:51:39] Disconnect status 408
[2026-07-19 16:51:39] Disconnect status 408
[2026-07-19 16:51:39] Disconnect status 408
[2026-07-19 16:51:39] Disconnect status 408
[2026-07-19 16:51:39] Disconnect status 408
[2026-07-19 16:51:39] Disconnect status 408
[2026-07-19 16:51:39] Disconnect status 408
[2026-07-19 16:51:39] Disconnect status 408
[2026-07-19 16:51:39] Disconnect status 408
[2026-07-19 16:51:39] Disconnect status 408
[2026-07-19 16:51:39] Disconnect status 408
[2026-07-19 16:51:39] Disconnect status 408
[2026-07-19 16:51:39] Disconnect status 408
[2026-07-19 16:51:39] Disconnect status 408
[2026-07-19 16:51:39] Disconnect status 408
[2026-07-19 16:51:39] Disconnect status 408
[2026-07-19 16:51:39] Disconnect status 408
[2026-07-19 16:51:39] Disconnect status 408
[2026-07-19 16:51:39] Disconnect status 408
[2026-07-19 16:51:39] Disconnect status 408
[2026-07-19 16:51:39] Disconnect status 408
[2026-07-19 16:51:39] Disconnect status 408
[2026-07-19 16:51:39] Disconnect status 408
[2026-07-19 16:51:39] Disconnect status 408
[2026-07-19 16:51:39] Disconnect status 408
[2026-07-19 16:51:39] Disconnect status 408
[2026-07-19 16:51:39] Disconnect status 408
[2026-07-19 16:51:39] Disconnect status 408
[2026-07-19 16:51:39] Disconnect status 408
[2026-07-19 16:51:39] Disconnect status 408
[2026-07-19 16:51:39] Disconnect status 408
[2026-07-19 16:51:39] Disconnect status 408
[2026-07-19 16:51:39] Disconnect status 408
[2026-07-19 16:51:39] Disconnect status 408
[2026-07-19 16:51:39] Disconnect status 408
[2026-07-19 16:51:39] Disconnect status 408
[2026-07-19 16:51:39] Disconnect status 408
[2026-07-19 16:51:39] Disconnect status 408
[2026-07-19 16:51:39] Disconnect status 408
[2026-07-19 16:51:39] Disconnect status 408
[2026-07-19 16:51:39] Disconnect status 408
[2026-07-19 16:51:39] Disconnect status 408
[2026-07-19 16:51:39] Disconnect status 408
[2026-07-19 16:51:39] Disconnect status 408
[2026-07-19 16:51:39] Disconnect status 408
[2026-07-19 16:51:39] Disconnect status 408
[2026-07-19 16:51:39] Disconnect status 408
[2026-07-19 16:51:39] Disconnect status 408
[2026-07-19 16:51:39] Disconnect status 408
[2026-07-19 16:51:39] Disconnect status 408
[2026-07-19 16:51:39] Disconnect status 408
[2026-07-19 16:51:39] Disconnect status 408
[2026-07-19 16:51:39] Disconnect status 408
[2026-07-19 16:51:39] Disconnect status 408
[2026-07-19 16:51:39] Disconnect status 408
[2026-07-19 16:51:39] Disconnect status 408
[2026-07-19 16:51:39] Disconnect status 408
[2026-07-19 16:51:39] Disconnect status 408
[2026-07-19 16:51:39] Disconnect status 408
[2026-07-19 16:51:39] Disconnect status 408
[2026-07-19 16:51:39] Disconnect status 408
[2026-07-19 16:51:39] Disconnect status 408
[2026-07-19 16:51:39] Disconnect status 408
[2026-07-19 16:51:39] Disconnect status 408
[2026-07-19 16:51:39] Disconnect status 408
[2026-07-19 16:51:39] Disconnect status 408
[2026-07-19 16:51:39] Disconnect status 408
[2026-07-19 16:51:39] Disconnect status 408
[2026-07-19 16:51:39] Disconnect status 408
[2026-07-19 16:51:39] Disconnect status 408
[2026-07-19 16:51:39] Disconnect status 408
[2026-07-19 16:51:39] Disconnect status 408
[2026-07-19 16:51:39] Disconnect status 408
[2026-07-19 16:51:39] Disconnect status 408
[2026-07-19 16:51:39] Disconnect status 408
[2026-07-19 16:51:39] Disconnect status 408
[2026-07-19 16:51:39] Disconnect status 408
[2026-07-19 16:51:39] Disconnect status 408
[2026-07-19 16:51:39] Disconnect status 408
[17:05:36]
147593078272132@lid
/help

[17:05:52]
120363409064495358@newsletter
/help

[17:07:17]
120363409064495358@newsletter
/card bahasaindonesia 2 foto upload | amiz

[17:08:39]
120363409064495358@newsletter
/card Bahasaindonesia 2 foto up | amiz

[17:10:13]
120363409064495358@newsletter
/card

[17:15:54]
147593078272132@lid
/card

[17:16:02]
147593078272132@lid
/help

[17:17:10]
120363409064495358@newsletter
/card bahasaindonesia 2 foto | amiez

[17:19:43]
147593078272132@lid
/reload

[17:20:52]
147593078272132@lid
/card bahasaindonesia 2 foto up | miez

[17:22:02]
147593078272132@lid
/card bahasaindonesia 2 foto up | miez

[17:33:24]
147593078272132@lid
/card bahasaindonesia 2 foto up | mie

[2026-07-19 17:40:01] Auto-reload commands: 18
[2026-07-19 17:42:13] Disconnect status 428
[2026-07-19 17:42:13] Disconnect status 408
[2026-07-19 17:42:13] Disconnect status 408
[2026-07-19 17:42:13] Disconnect status 408
[2026-07-19 17:42:13] Disconnect status 408
[2026-07-19 17:42:13] Disconnect status 408
[2026-07-19 17:42:13] Disconnect status 408
[2026-07-19 17:42:13] Disconnect status 408
[2026-07-19 17:42:13] Disconnect status 408
[2026-07-19 17:42:13] Disconnect status 408
[2026-07-19 17:42:14] Disconnect status 408
[2026-07-19 17:42:14] Disconnect status 408
[2026-07-19 17:42:14] Disconnect status 408
[2026-07-19 17:42:14] Disconnect status 408
[2026-07-19 17:42:14] Disconnect status 408
[2026-07-19 17:42:14] Disconnect status 408
[2026-07-19 17:42:14] Disconnect status 408
[2026-07-19 17:42:14] Disconnect status 408
[2026-07-19 17:42:14] Disconnect status 408
[2026-07-19 17:42:14] Disconnect status 408
[2026-07-19 17:42:14] Disconnect status 408
[2026-07-19 17:42:14] Disconnect status 408
[2026-07-19 17:42:14] Disconnect status 408
[2026-07-19 17:42:14] Disconnect status 408
[2026-07-19 17:42:14] Disconnect status 408
[2026-07-19 17:42:14] Disconnect status 408
[2026-07-19 17:42:14] Disconnect status 408
[2026-07-19 17:42:14] Disconnect status 408
[2026-07-19 17:44:47] Disconnect status 428
[2026-07-19 17:52:54] Disconnect status 428
[2026-07-19 17:54:05] Disconnect status 428
[2026-07-19 18:12:34] Disconnect status 428
[18:48:39]
147593078272132@lid
/nizamai hai

[18:50:22]
147593078272132@lid
/card bahasaindonesia 2 gadis kecil yang miliki mata indah persis seperti matamuuuuu | aku pun tersenyum dan ku genggan tangan wanita di sampingku dan berakata lirih di dalam hati tentang semua iniiiii.

[2026-07-19 18:53:53] Auto-reload commands: 18
[2026-07-19 18:53:54] Auto-reload commands: 18
[2026-07-19 18:54:21] Auto-reload commands: 18
[2026-07-19 18:57:54] Auto-reload commands: 18
[2026-07-19 19:02:31] Auto-reload commands: 18
[19:03:19]
120363409064495358@newsletter
/setkelas 2

[19:03:46]
120363409064495358@newsletter
/card
Tugas b indo
bikin mindmapping
di kumpulin hari babfakasf
amiz

[19:04:01]
120363409064495358@newsletter
/reload

[19:04:08]
120363409064495358@newsletter
/card
Tugas b indo
bikin mindmapping
di kumpulin hari babfakasf
amiz

[2026-07-19 19:06:23] Auto-reload commands: 18
[19:10:23]
120363409064495358@newsletter
/card
Tugas Bahasa Indonesia
bawa ini
itu
ini
anu

[19:11:48]
147593078272132@lid
/card
Tugas Bahasa Inggris 
hdjs
dhe
djs
djki
fotonya

[2026-07-19 19:43:23] Disconnect status 428
[19:45:14]
120363420066535277@newsletter
/card
Tugas Bahasa Indonesia
ini
itu

[19:46:01]
120363409064495358@newsletter
/reload

[19:46:20]
120363409064495358@newsletter
/card
Tugas Bahasa Indonesia
ini
itu
anu

[19:47:25]
120363409064495358@newsletter
/card
Tugas Bahasa Indonesia
ini itu anu
absduas

[19:47:39]
120363409064495358@newsletter
/whoami

[19:48:51]
120363427841698543@g.us
/whoami

[19:49:14]
120363427841698543@g.us
/card
Tugas Bahasa Indonesia
sadbkas
fabhs

[19:49:47]
120363427841698543@g.us
/reload

[19:49:53]
120363409064495358@newsletter
/reload

[19:50:11]
120363409064495358@newsletter
/card 
Tugas Bahasa Indonesia
ini
itu
anu
ee

[19:50:32]
120363409064495358@newsletter
/card 
Tugas Bahasa Indonesia
ini
itu
anu
ee

[19:51:59]
120363409064495358@newsletter
/reload

